// Jest Snapshot v1, https://goo.gl/fbAQLP

exports[`[37m[44m/> Testing in <FirstApp />[49m[39m Test 1: Should show <FirstApp/> correctly 1`] = `
<Fragment>
  <h1>
    Red
  </h1>
  <p>
    Kaede
  </p>
</Fragment>
`;
