// Jest Snapshot v1, https://goo.gl/fbAQLP

exports[`Pruebas en <PrimeraApp /> Debe mostrar <PrimeraApp/> correctamente 1`] = `
<Fragment>
  <h1>
    Red
  </h1>
  <p>
    Kaede
  </p>
</Fragment>
`;
